
### 100K/1/abstention/0
Q: How did the user feedback influence the UI/UX improvements I made before the public launch?
  BEAM dir=chats/100K/1 abstention[0] ; rubrique identique à la publication Mnemosyne: true
  rubrique officielle: ["Based on the provided chat, there is no information related to how user feedback influenced UI/UX improvements"]
  champ BEAM ideal_response: Based on the provided chat, there is no information related to how user feedback influenced UI/UX improvements.
  champ BEAM difficulty: medium
  champ BEAM abstention_type: missing_detail
  champ BEAM why_unanswerable: User feedback and UI/UX improvements are mentioned but no details on influence or changes are provided.
  champ BEAM plan_reference: Batch 3, Bullet 2
  terme "dark mode" dans chat.json (0.6 Mo): 12 occurrence(s)
     …  "question_type": "main_question", "content": "I'm trying to improve the user experience of my dashboard by implementing a dark mode toggle and a collapsible sidebar, similar to what's described in the UI/UX design for the redesigned dashboard, which has already  …
     … ng layout, so can you help me write the JavaScript and CSS code to achieve this, considering I'm using Bootstrap for styling and I need the dark mode to apply to all elements, including the sidebar and any other components that will be added in the future? ->-> 3,15" },  …
  terme "collapsible sidebar" dans chat.json (0.6 Mo): 5 occurrence(s)
     … : "main_question", "content": "I'm trying to improve the user experience of my dashboard by implementing a dark mode toggle and a collapsible sidebar, similar to what's described in the UI/UX design for the redesigned dashboard, which has already shown a 15% improvement …
     …  }, { "role": "assistant", "id": 153, "content": "Certainly! Implementing a dark mode toggle and a collapsible sidebar can significantly enhance the user experience of your dashboard. Here's how you can achieve this using Bootstrap along w …
  terme "beta test" dans chat.json (0.6 Mo): 1 occurrence(s)
     … r to what's described in the UI/UX design for the redesigned dashboard, which has already shown a 15% improvement in user engagement during beta tests.  I want to make sure the toggle and sidebar are responsive and work well with the existing layout, so can you help me write the …

### 100K/3/abstention/0
Q: What specific criteria did I use to prioritize tasks on the Trello board during sprint 1?
  BEAM dir=chats/100K/3 abstention[0] ; rubrique identique à la publication Mnemosyne: true
  rubrique officielle: ["Based on the provided chat, there is no information related to the specific criteria used to prioritize tasks on the Trello board"]
  champ BEAM ideal_response: Based on the provided chat, there is no information related to the specific criteria used to prioritize tasks on the Trello board during sprint 1.
  champ BEAM difficulty: medium
  champ BEAM abstention_type: missing_detail
  champ BEAM why_unanswerable: Prioritization criteria for Trello tasks are not described in the plan
  champ BEAM plan_reference: Batch 1, Bullet 18: Trello board and prioritization mentioned but no criteria detailed
  terme "Must-Have" dans chat.json (0.6 Mo): 5 occurrence(s)
     … Step 1: Categorize Tasks First, categorize your tasks into groups based on their importance and urgency. Common categories include:  - **Must-Have**: Essential tasks that must be completed to meet the deadline. - **Should-Have**: Important tasks that add significant value but …
     … cing them in the appropriate columns based on their category and urgency. Here's an example of how you might prioritize your tasks:  1. **Must-Have**  - Responsive layout  - Navigation setup  - Basic HTML structure  - SEO meta tags  - Initial CSS styling  2. ** …
  terme "Should-Have" dans chat.json (0.6 Mo): 4 occurrence(s)
     … ir importance and urgency. Common categories include:  - **Must-Have**: Essential tasks that must be completed to meet the deadline. - **Should-Have**: Important tasks that add significant value but are not critical. - **Could-Have**: Nice-to-have tasks that can be deferred i …
     … Must-Have**  - Responsive layout  - Navigation setup  - Basic HTML structure  - SEO meta tags  - Initial CSS styling  2. **Should-Have**  - Implementing a project gallery  - Adding a contact form with validation  - Setting up a footer  - Creating a la …
  terme "Won't-Have" dans chat.json (0.6 Mo): 4 occurrence(s)
     … ortant tasks that add significant value but are not critical. - **Could-Have**: Nice-to-have tasks that can be deferred if necessary. - **Won't-Have**: Tasks that can be postponed or removed from the current sprint.  ### Step 2: Identify Key Tasks Identify the key tasks that …
     … ld-Have**  - Adding animations and transitions  - Implementing advanced CSS effects  - Adding social media sharing buttons  4. **Won't-Have**  - Detailed documentation  - Advanced SEO optimizations  - Additional features beyond basic functionality  ### Step  …
  terme "MoSCoW" dans chat.json (0.6 Mo): 0 occurrence(s)
  terme "priorit" dans chat.json (0.6 Mo): 24 occurrence(s)
     … le": "user", "id": 38, "index": "1,18", "question_type": "main_question", "content": "I'm trying to prioritize tasks for my sprint 1 using a Trello board with 15 tasks, and I want to make sure I'm focusing on the most important ones first,  …
     … ant to make sure I'm focusing on the most important ones first, like responsive layout and SEO meta tags, can you help me figure out how to prioritize them effectively to meet my deadline of April 1, 2024, for basic layout and navigation? ->-> 1,18" }, {  …

### 100K/3/abstention/1
Q: What was the rationale behind choosing Formspree API v2 for contact form submission?
  BEAM dir=chats/100K/3 abstention[1] ; rubrique identique à la publication Mnemosyne: true
  rubrique officielle: ["Based on the provided chat, there is no information related to the rationale behind choosing Formspree API v2 for contact form submission"]
  champ BEAM ideal_response: Based on the provided chat, there is no information related to the rationale behind choosing Formspree API v2 for contact form submission.
  champ BEAM difficulty: medium
  champ BEAM abstention_type: missing_detail
  champ BEAM why_unanswerable: The plan states evaluation of Formspree API but does not explain the reasoning
  champ BEAM plan_reference: Batch 2, Bullet 13: Formspree API evaluation mentioned without rationale
  terme "Formspree" dans chat.json (0.6 Mo): 73 occurrence(s)
     … ", "id": 84, "index": "2,13", "question_type": "main_question", "content": "I'm trying to integrate Formspree API v2 for handling contact form submissions without setting up a backend, and I'm wondering how I can evaluate its performance an …
     …  with that? ->-> 2,13" }, { "role": "assistant", "id": 85, "content": "Certainly! Integrating Formspree API v2 for handling contact form submissions can be a great choice if you want to avoid setting up a backend. Let's go through the …
  terme "dedicated backend" dans chat.json (0.6 Mo): 0 occurrence(s)
  terme "backend" dans chat.json (0.6 Mo): 13 occurrence(s)
     … stion", "content": "I'm working on Sprint 2 with a deadline of April 20, 2024, and I need to focus on SEO basics and contact form backend integration. I want to make sure my contact form is properly validated and integrated with the backend. Can you help me implement th …
     … focus on SEO basics and contact form backend integration. I want to make sure my contact form is properly validated and integrated with the backend. Can you help me implement the contact form backend using Bootstrap 5.3.0 and ensure it meets SEO standards? I'm using HTML5, CSS3,  …

### 100K/4/abstention/0
Q: What specific criteria did I consider when choosing between angle-based or side-based classification strategies?
  BEAM dir=chats/100K/4 abstention[0] ; rubrique identique à la publication Mnemosyne: true
  rubrique officielle: ["Based on the provided chat, there is no information related to the specific criteria considered for choosing classification strategies"]
  champ BEAM ideal_response: Based on the provided chat, there is no information related to the specific criteria considered for choosing classification strategies.
  champ BEAM difficulty: hard
  champ BEAM abstention_type: missing_detail
  champ BEAM why_unanswerable: The plan notes strategy selection but does not detail the criteria or reasoning behind the choice.
  champ BEAM plan_reference: Batch 1, Bullet 9
  terme "side-based" dans chat.json (0.7 Mo): 6 occurrence(s)
     … main_question", "content": "I'm trying to classify triangles by sides and angles, and I need help choosing between angle-based or side-based classification for triangle problems, can you explain the difference and when to use each, like when I have an equilateral triang …
     …  angle is exactly 90 degrees. 3. **Obtuse Triangle**: One angle is greater than 90 degrees.  ### When to Use Each Classification  #### Side-Based Classification Use side-based classification when: - You are given the lengths of the sides and need to determine the type of t …
  terme "angle-based" dans chat.json (0.7 Mo): 6 occurrence(s)
     … estion_type": "main_question", "content": "I'm trying to classify triangles by sides and angles, and I need help choosing between angle-based or side-based classification for triangle problems, can you explain the difference and when to use each, like when I have an equ …
     … 5, 5). - **Isosceles Triangle**: Two sides are equal (e.g., 5, 5, 7). - **Scalene Triangle**: No sides are equal (e.g., 3, 4, 5).  #### Angle-Based Classification Use angle-based classification when: - You are given the measures of the angles and need to determine the type  …
  terme "symmetry" dans chat.json (0.7 Mo): 22 occurrence(s)
     …  **Sides**: All three sides are equal in length. - **Angles**: All three angles are equal, each measuring \\(60^\\circ\\). - **Pattern**: Symmetry is a key feature here. Because all sides and angles are equal, the triangle is highly symmetrical.  ### Isosceles Triangle - **S …
     … are equal in length. - **Angles**: The angles opposite the equal sides are also equal. - **Pattern**: This type of triangle has a line of symmetry that runs through the vertex angle (the angle between the two equal sides) and bisects the base (the unequal side). The two equal a …

### 10M/2/abstention/0
Q: What are the detailed steps involved in the debugging strategy for the Unreal Engine setup error code 0x80070005?
  BEAM dir=chats/10M/2 abstention[0] ; rubrique identique à la publication Mnemosyne: true
  rubrique officielle: ["Based on the provided chat, there is no information related to the detailed steps of the debugging strategy for the Unreal Engine setup error"]
  champ BEAM ideal_response: Based on the provided chat, there is no information related to the detailed steps of the debugging strategy for the Unreal Engine setup error code 0x80070005.
  champ BEAM difficulty: hard
  champ BEAM abstention_type: missing_detail
  champ BEAM why_unanswerable: The plan mentions the error and its root cause but does not provide detailed debugging steps.
  champ BEAM plan_reference: Plan 1, Batch 1, Bullets 7 and 21
  terme "0x80070005" dans chat.json (52.8 Mo): 25 occurrence(s)
     …  "content": "I'm having trouble installing Unreal Engine on my Windows 10 system, and I keep getting this error code 0x80070005 - can someone help me figure out what's going on and how to fix it? I've tried reinstalling a few times, but nothing seems to wor …
     … imes, but nothing seems to work. Here's the installation log: ``` [2023-02-20 14:30:00] Installation started [2023-02-20 14:30:05] Error 0x80070005: Access denied [2023-02-20 14:30:10] Installation failed ``` I'm not sure what's causing the issue or how to resolve it. Any h …
  terme "Run as administrator" dans chat.json (52.8 Mo): 16 occurrence(s)
     … nistrator** Ensure that you are running the Unreal Engine installer with administrative privileges. Right-click the installer and select \"Run as administrator.\"  ### 2. **Check User Account Control (UAC) Settings** Make sure that User Account Control (UAC) is not blocking t …
     … rror: 0x80070005\"  1. **Run Unreal Engine as Administrator**:  - Right-click on the Unreal Engine shortcut or executable and select \"Run as administrator\".  - This can help bypass permission issues that might be causing the error.  2. **Check File Permissions**:   …
  terme "Access Denied" dans chat.json (52.8 Mo): 29 occurrence(s)
     … thing seems to work. Here's the installation log: ``` [2023-02-20 14:30:00] Installation started [2023-02-20 14:30:05] Error 0x80070005: Access denied [2023-02-20 14:30:10] Installation failed ``` I'm not sure what's causing the issue or how to resolve it. Any help would be …
     … istant", "id": 57, "content": "The error code `0x80070005` typically indicates an \"Access Denied\" error, which means that the installer does not have sufficient permissions to write to the necessary directories or files. H …

### 10M/3/abstention/1
Q: What specific feedback did the team provide during the code review sessions for the unit test scripts?
  BEAM dir=chats/10M/3 abstention[1] ; rubrique identique à la publication Mnemosyne: true
  rubrique officielle: ["Based on the provided chat, there is no information related to the specific feedback provided during the code review sessions"]
  champ BEAM ideal_response: Based on the provided chat, there is no information related to the specific feedback provided during the code review sessions for the unit test scripts.
  champ BEAM difficulty: medium
  champ BEAM abstention_type: missing_detail
  champ BEAM why_unanswerable: Code reviews are mentioned with approval targets but no actual feedback details are given.
  champ BEAM plan_reference: Plan 7,Batch 1, Bullet 26
  terme "test_navigation_feedback" dans chat.json (57.0 Mo): 2 occurrence(s)
     … e expected result  result_text = self.page.get_result_text()  self.assertEqual(result_text, \"Expected result\")   def test_navigation_feedback(self):  # Navigate to the agent scenario page  self.driver.get(\"https://example.com/agent-scenario …
     … it()  if __name__ == \"__main__\":  unittest.main() ```  ### Explanation  1. **Test Case Updates**:  - Added a new test case `test_navigation_feedback` based on user feedback regarding navigation issues.  - Modified existing test cases to include scenarios that r …
  terme "unittest.mock.patch" dans chat.json (57.0 Mo): 14 occurrence(s)
     … run the same test with different parameters, ensuring that all agents behave correctly.  3. **Mocking External Dependencies**:  - Use `unittest.mock.patch` to mock external dependencies and isolate the agent's behavior.  4. **Recovery Tests**:  - Include tests that simu …
     … n # Run the tests if __name__ == \"__main__\":  pytest.main([__file__, \"-v\"]) ```  ### Explanation  1. **Mocking**:  - Use `unittest.mock.patch` to mock the `load_test_script`, `validate_script`, and `run_test` functions.  - This allows you to simulate the beha …
  terme "navigation issues" dans chat.json (57.0 Mo): 2 occurrence(s)
     … ```  ### Explanation  1. **Test Case Updates**:  - Added a new test case `test_navigation_feedback` based on user feedback regarding navigation issues.  - Modified existing test cases to include scenarios that reflect user feedback.  2. **User Feedback Integration**:\ …
     … empts, data exposure.  8. **User Experience Scenarios:**  - Scenarios that focus on the user experience and usability.  - Examples: Navigation issues, confusing UI elements.  9. **Regression Scenarios:**  - Scenarios that test for regressions after recent changes.   …

### 10M/7/abstention/0
Q: Can you share the specific advice Samuel gave about savings strategies 
  BEAM dir=chats/10M/7 abstention[0] ; rubrique identique à la publication Mnemosyne: true
  rubrique officielle: ["Based on the provided chat, there is no information related to the specific advice Samuel gave about savings strategies"]
  champ BEAM ideal_response: Based on the provided chat, there is no information related to the specific advice Samuel gave about savings strategies.
  champ BEAM difficulty: medium
  champ BEAM abstention_type: missing_detail
  champ BEAM why_unanswerable: Samuel is mentioned giving advice but the exact content of his suggestions is not detailed
  champ BEAM plan_reference: Plan 3
  terme "Samuel" dans chat.json (56.0 Mo): 128 occurrence(s)
     …  "index": "1,20", "question_type": "main_question", "content": "I reached out to Samuel, who's 64, for some savings advice yesterday at 4 PM, what are some key things I should discuss with him given his age and experience …
     … ", "id": 7097, "content": "Discussing savings advice with someone as experienced as Samuel, who is 64 years old, can provide valuable insights into financial planning, especially as you approach different life stages. Here a …
  terme "$1,000 emergency fund" dans chat.json (56.0 Mo): 30 occurrence(s)
     … "2,4", "question_type": "main_question", "content": "What's the best way to reach a $1,000 emergency fund milestone by September, like Samuel suggested at 6 PM? ->-> 2,4" }, {  …
     …  "role": "assistant", "id": 7227, "content": "Reaching a $1,000 emergency fund milestone by September is a great goal. Given that you have a few weeks left in the month, here's a detailed plan to h …
  terme "disability insurance" dans chat.json (56.0 Mo): 313 occurrence(s)
     … standing debts, future expenses, and living costs. - **Premiums**: Compare premiums and choose a policy that fits your budget.  ### 3. **Disability Insurance** - **Importance**: Discuss the importance of disability insurance, which provides income replacement if you are unabl …
     … Compare premiums and choose a policy that fits your budget.  ### 3. **Disability Insurance** - **Importance**: Discuss the importance of disability insurance, which provides income replacement if you are unable to work due to illness or injury. - **Coverage Amount**: Determin …
  terme "rebalance" dans chat.json (56.0 Mo): 147 occurrence(s)
     … uce interest payments and pay off debt faster.  3. **Investment Strategies**:  - **Samuel's Advice**: \"Diversify your investments and rebalance your portfolio annually to manage risk.\"  - **Impact**: This can help you grow your wealth while managing risk effectively. \ …
     … spending.  - **Investment Analysis**: If you have investments, review their performance and make any necessary adjustments. For example, rebalance your portfolio if needed.  5. **Set Aside Time for Learning**  - **Financial Education**: Dedicate part of your hour to learn …
